src/pages/AutoTrainScreen.tsx(96,10): error TS6133: 'pushToHub' is declared but its value is never read.
src/pages/AutoTrainScreen.tsx(96,21): error TS6133: 'setPushToHub' is declared but its value is never read.
src/pages/AutoTrainScreen.tsx(125,10): error TS6133: 'jobConfigs' is declared but its value is never read.
src/pages/ChatPage.tsx(6,5): error TS6133: 'ThumbsUp' is declared but its value is never read.
src/pages/ChatPage.tsx(6,15): error TS6133: 'ThumbsDown' is declared but its value is never read.
src/pages/ChatPage.tsx(6,27): error TS6133: 'Copy' is declared but its value is never read.
src/pages/ChatPage.tsx(187,15): error TS6133: 'startTime' is declared but its value is never read.
src/pages/ChatPage.tsx(250,21): error TS2552: Cannot find name 'responseTime'. Did you mean 'Response'?
src/pages/ChatPage.tsx(261,21): error TS2552: Cannot find name 'responseTime'. Did you mean 'Response'?
