
> chatbot-converter-backend@1.0.0 build
> tsc

src/index.ts(30,21): error TS6133: 'req' is declared but its value is never read.
src/index.ts(39,20): error TS6133: 'req' is declared but its value is never read.
src/index.ts(39,65): error TS6133: 'next' is declared but its value is never read.
src/index.ts(48,10): error TS6133: 'req' is declared but its value is never read.
src/routes/index.ts(21,16): error TS6133: 'req' is declared but its value is never read.
